08:43:33,628 |-INFO in ch.qos.logback.classic.LoggerContext[default] - Found logback-classic version 1.5.25
08:43:33,637 |-INFO in ch.qos.logback.classic.util.ContextInitializer@3e6104fc - Here is a list of configurators discovered as a service, by rank: 
08:43:33,638 |-INFO in ch.qos.logback.classic.util.ContextInitializer@3e6104fc -   org.springframework.boot.logging.logback.RootLogLevelConfigurator
08:43:33,638 |-INFO in ch.qos.logback.classic.util.ContextInitializer@3e6104fc - They will be invoked in order until ExecutionStatus.DO_NOT_INVOKE_NEXT_IF_ANY is returned.
08:43:33,638 |-INFO in ch.qos.logback.classic.util.ContextInitializer@3e6104fc - Constructed configurator of type class org.springframework.boot.logging.logback.RootLogLevelConfigurator
08:43:33,652 |-INFO in ch.qos.logback.classic.util.ContextInitializer@3e6104fc - org.springframework.boot.logging.logback.RootLogLevelConfigurator.configure() call lasted 1 milliseconds. ExecutionStatus=INVOKE_NEXT_IF_ANY
08:43:33,652 |-INFO in ch.qos.logback.classic.util.ContextInitializer@3e6104fc - Trying to configure with ch.qos.logback.classic.util.DefaultJoranConfigurator
08:43:33,653 |-INFO in ch.qos.logback.classic.util.ContextInitializer@3e6104fc - Constructed configurator of type class ch.qos.logback.classic.util.DefaultJoranConfigurator
08:43:33,663 |-INFO in ch.qos.logback.classic.LoggerContext[default] - Could NOT find resource [logback-test.xml]
08:43:33,667 |-INFO in ch.qos.logback.classic.LoggerContext[default] - Found resource [logback.xml] at [jar:nested:/Users/macbook/Desktop/Projects/truve_me/truve/ticketing/build/libs/ticketing-0.0.1-SNAPSHOT.jar/!BOOT-INF/lib/common-observability-0.0.1-SNAPSHOT-plain.jar!/logback.xml]
08:43:33,770 |-INFO in ch.qos.logback.core.joran.spi.ConfigurationWatchList@12359a82 - URL [jar:nested:/Users/macbook/Desktop/Projects/truve_me/truve/ticketing/build/libs/ticketing-0.0.1-SNAPSHOT.jar/!BOOT-INF/lib/common-observability-0.0.1-SNAPSHOT-plain.jar!/logback.xml] is not of type file
08:43:34,306 |-WARN in ch.qos.logback.core.model.processor.ImplicitModelHandler - Ignoring unknown property [springProperty] in [ch.qos.logback.classic.LoggerContext]
08:43:34,307 |-INFO in ch.qos.logback.classic.model.processor.ConfigurationModelHandlerFull - Main configuration file URL: jar:nested:/Users/macbook/Desktop/Projects/truve_me/truve/ticketing/build/libs/ticketing-0.0.1-SNAPSHOT.jar/!BOOT-INF/lib/common-observability-0.0.1-SNAPSHOT-plain.jar!/logback.xml
08:43:34,308 |-INFO in ch.qos.logback.classic.model.processor.ConfigurationModelHandlerFull - FileWatchList= {}
08:43:34,308 |-INFO in ch.qos.logback.classic.model.processor.ConfigurationModelHandlerFull - URLWatchList= {}
08:43:34,324 |-INFO in ch.qos.logback.core.model.processor.AppenderModelHandler - Processing appender named [STDOUT_JSON]
08:43:34,324 |-INFO in ch.qos.logback.core.model.processor.AppenderModelHandler - About to instantiate appender of type [ch.qos.logback.core.ConsoleAppender]
08:43:34,478 |-INFO in ch.qos.logback.core.model.processor.ModelInterpretationContext@68df9280 - value "{"service":"APP_NAME_IS_UNDEFINED"}" substituted for "{"service":"${APP_NAME}"}"
08:43:34,488 |-WARN in ch.qos.logback.core.model.processor.ImplicitModelHandler - Ignoring unknown property [includeStacktrace] in [net.logstash.logback.encoder.LogstashEncoder]
08:43:34,489 |-INFO in ch.qos.logback.core.model.processor.ImplicitModelHandler - Assuming default type [net.logstash.logback.fieldnames.LogstashFieldNames] for [fieldNames] property
08:43:35,063 |-INFO in ch.qos.logback.core.ConsoleAppender[STDOUT_JSON] - NOTE: Writing to the console can be slow. Try to avoid logging to the 
08:43:35,063 |-INFO in ch.qos.logback.core.ConsoleAppender[STDOUT_JSON] - console in production environments, especially in high volume systems.
08:43:35,063 |-INFO in ch.qos.logback.core.ConsoleAppender[STDOUT_JSON] - See also https://logback.qos.ch/codes.html#slowConsole
08:43:35,068 |-INFO in ch.qos.logback.classic.model.processor.RootLoggerModelHandler - Setting level of ROOT logger to INFO
08:43:35,068 |-INFO in ch.qos.logback.core.model.processor.AppenderRefModelHandler - Attaching appender named [STDOUT_JSON] to Logger[ROOT]
08:43:35,070 |-INFO in ch.qos.logback.classic.model.processor.LoggerModelHandler - Setting level of logger [com.truve.platform] to DEBUG
08:43:35,070 |-INFO in ch.qos.logback.core.model.processor.DefaultProcessor@479460a6 - End of configuration.
08:43:35,075 |-INFO in ch.qos.logback.classic.joran.JoranConfigurator@7164ca4c - Registering current configuration as safe fallback point
08:43:35,075 |-INFO in ch.qos.logback.classic.util.ContextInitializer@3e6104fc - ch.qos.logback.classic.util.DefaultJoranConfigurator.configure() call lasted 1422 milliseconds. ExecutionStatus=DO_NOT_INVOKE_NEXT_IF_ANY

08:43:38,458 |-WARN in ch.qos.logback.core.model.processor.ImplicitModelHandler - Ignoring unknown property [includeStacktrace] in [net.logstash.logback.encoder.LogstashEncoder]

  .   ____          _            __ _ _
 /\\ / ___'_ __ _ _(_)_ __  __ _ \ \ \ \
( ( )\___ | '_ | '_| | '_ \/ _` | \ \ \ \
 \\/  ___)| |_)| | | | | || (_| |  ) ) ) )
  '  |____| .__|_| |_|_| |_\__, | / / / /
 =========|_|==============|___/=/_/_/_/

 :: Spring Boot ::                (v4.0.2)

{"@timestamp":"2026-09-08T08:43:38.859857+09:00","@version":"1","message":"Starting TicketingApplication v0.0.1-SNAPSHOT using Java 21.0.8 with PID 40624 (/Users/macbook/Desktop/Projects/truve_me/truve/ticketing/build/libs/ticketing-0.0.1-SNAPSHOT.jar started by macbook in /Users/macbook/Desktop/Projects/truve_me/truve)","logger":"org.truve.platform.ticketing.service.TicketingApplication","thread":"main","level":"INFO","level_value":20000,"APP_NAME":"ticketing","tags":["COMMONS-LOGGING"],"service":"ticketing"}
{"@timestamp":"2026-09-08T08:43:38.895311+09:00","@version":"1","message":"The following 2 profiles are active: \"local\", \"outbox-fault-test\"","logger":"org.truve.platform.ticketing.service.TicketingApplication","thread":"main","level":"INFO","level_value":20000,"APP_NAME":"ticketing","tags":["COMMONS-LOGGING"],"service":"ticketing"}
{"@timestamp":"2026-09-08T08:43:39.692566+09:00","@version":"1","message":"HV000001: Hibernate Validator 9.0.1.Final","logger":"org.hibernate.validator.internal.util.Version","thread":"background-preinit","level":"INFO","level_value":20000,"APP_NAME":"ticketing","service":"ticketing"}
{"@timestamp":"2026-09-08T08:43:42.810148+09:00","@version":"1","message":"Multiple Spring Data modules found, entering strict repository configuration mode","logger":"org.springframework.data.repository.config.RepositoryConfigurationDelegate","thread":"main","level":"INFO","level_value":20000,"APP_NAME":"ticketing","tags":["COMMONS-LOGGING"],"service":"ticketing"}
{"@timestamp":"2026-09-08T08:43:42.815876+09:00","@version":"1","message":"Bootstrapping Spring Data JPA repositories in DEFAULT mode.","logger":"org.springframework.data.repository.config.RepositoryConfigurationDelegate","thread":"main","level":"INFO","level_value":20000,"APP_NAME":"ticketing","tags":["COMMONS-LOGGING"],"service":"ticketing"}
{"@timestamp":"2026-09-08T08:43:43.6639+09:00","@version":"1","message":"Finished Spring Data repository scanning in 711 ms. Found 7 JPA repository interfaces.","logger":"org.springframework.data.repository.config.RepositoryConfigurationDelegate","thread":"main","level":"INFO","level_value":20000,"APP_NAME":"ticketing","tags":["COMMONS-LOGGING"],"service":"ticketing"}
{"@timestamp":"2026-09-08T08:43:44.064298+09:00","@version":"1","message":"Multiple Spring Data modules found, entering strict repository configuration mode","logger":"org.springframework.data.repository.config.RepositoryConfigurationDelegate","thread":"main","level":"INFO","level_value":20000,"APP_NAME":"ticketing","tags":["COMMONS-LOGGING"],"service":"ticketing"}
{"@timestamp":"2026-09-08T08:43:44.066887+09:00","@version":"1","message":"Bootstrapping Spring Data Redis repositories in DEFAULT mode.","logger":"org.springframework.data.repository.config.RepositoryConfigurationDelegate","thread":"main","level":"INFO","level_value":20000,"APP_NAME":"ticketing","tags":["COMMONS-LOGGING"],"service":"ticketing"}
{"@timestamp":"2026-09-08T08:43:44.12349+09:00","@version":"1","message":"Spring Data Redis - Could not safely identify store assignment for repository candidate interface org.truve.platform.ticketing.service.booking.outbox.repository.TicketingOutboxEventRepository; If you want this repository to be a Redis repository, consider annotating your entities with one of these annotations: org.springframework.data.redis.core.RedisHash (preferred), or consider extending one of the following types with your repository: org.springframework.data.keyvalue.repository.KeyValueRepository","logger":"org.springframework.data.repository.config.RepositoryConfigurationExtensionSupport","thread":"main","level":"INFO","level_value":20000,"APP_NAME":"ticketing","tags":["COMMONS-LOGGING"],"service":"ticketing"}
{"@timestamp":"2026-09-08T08:43:44.1255+09:00","@version":"1","message":"Spring Data Redis - Could not safely identify store assignment for repository candidate interface org.truve.platform.ticketing.service.booking.repository.ReservationRepository; If you want this repository to be a Redis repository, consider annotating your entities with one of these annotations: org.springframework.data.redis.core.RedisHash (preferred), or consider extending one of the following types with your repository: org.springframework.data.keyvalue.repository.KeyValueRepository","logger":"org.springframework.data.repository.config.RepositoryConfigurationExtensionSupport","thread":"main","level":"INFO","level_value":20000,"APP_NAME":"ticketing","tags":["COMMONS-LOGGING"],"service":"ticketing"}
{"@timestamp":"2026-09-08T08:43:44.125763+09:00","@version":"1","message":"Spring Data Redis - Could not safely identify store assignment for repository candidate interface org.truve.platform.ticketing.service.booking.risk.repository.BookingBotRiskSummaryRepository; If you want this repository to be a Redis repository, consider annotating your entities with one of these annotations: org.springframework.data.redis.core.RedisHash (preferred), or consider extending one of the following types with your repository: org.springframework.data.keyvalue.repository.KeyValueRepository","logger":"org.springframework.data.repository.config.RepositoryConfigurationExtensionSupport","thread":"main","level":"INFO","level_value":20000,"APP_NAME":"ticketing","tags":["COMMONS-LOGGING"],"service":"ticketing"}
{"@timestamp":"2026-09-08T08:43:44.125932+09:00","@version":"1","message":"Spring Data Redis - Could not safely identify store assignment for repository candidate interface org.truve.platform.ticketing.service.ticketing.repository.ScheduledSeatRepository; If you want this repository to be a Redis repository, consider annotating your entities with one of these annotations: org.springframework.data.redis.core.RedisHash (preferred), or consider extending one of the following types with your repository: org.springframework.data.keyvalue.repository.KeyValueRepository","logger":"org.springframework.data.repository.config.RepositoryConfigurationExtensionSupport","thread":"main","level":"INFO","level_value":20000,"APP_NAME":"ticketing","tags":["COMMONS-LOGGING"],"service":"ticketing"}
{"@timestamp":"2026-09-08T08:43:44.12607+09:00","@version":"1","message":"Spring Data Redis - Could not safely identify store assignment for repository candidate interface org.truve.platform.ticketing.service.ticketing.repository.SeatRepository; If you want this repository to be a Redis repository, consider annotating your entities with one of these annotations: org.springframework.data.redis.core.RedisHash (preferred), or consider extending one of the following types with your repository: org.springframework.data.keyvalue.repository.KeyValueRepository","logger":"org.springframework.data.repository.config.RepositoryConfigurationExtensionSupport","thread":"main","level":"INFO","level_value":20000,"APP_NAME":"ticketing","tags":["COMMONS-LOGGING"],"service":"ticketing"}
{"@timestamp":"2026-09-08T08:43:44.126215+09:00","@version":"1","message":"Spring Data Redis - Could not safely identify store assignment for repository candidate interface org.truve.platform.ticketing.service.ticketing.repository.SeatSectionRepository; If you want this repository to be a Redis repository, consider annotating your entities with one of these annotations: org.springframework.data.redis.core.RedisHash (preferred), or consider extending one of the following types with your repository: org.springframework.data.keyvalue.repository.KeyValueRepository","logger":"org.springframework.data.repository.config.RepositoryConfigurationExtensionSupport","thread":"main","level":"INFO","level_value":20000,"APP_NAME":"ticketing","tags":["COMMONS-LOGGING"],"service":"ticketing"}
{"@timestamp":"2026-09-08T08:43:44.126365+09:00","@version":"1","message":"Spring Data Redis - Could not safely identify store assignment for repository candidate interface org.truve.platform.ticketing.service.ticketing.repository.ShowScheduledRepository; If you want this repository to be a Redis repository, consider annotating your entities with one of these annotations: org.springframework.data.redis.core.RedisHash (preferred), or consider extending one of the following types with your repository: org.springframework.data.keyvalue.repository.KeyValueRepository","logger":"org.springframework.data.repository.config.RepositoryConfigurationExtensionSupport","thread":"main","level":"INFO","level_value":20000,"APP_NAME":"ticketing","tags":["COMMONS-LOGGING"],"service":"ticketing"}
{"@timestamp":"2026-09-08T08:43:44.126469+09:00","@version":"1","message":"Finished Spring Data repository scanning in 26 ms. Found 0 Redis repository interfaces.","logger":"org.springframework.data.repository.config.RepositoryConfigurationDelegate","thread":"main","level":"INFO","level_value":20000,"APP_NAME":"ticketing","tags":["COMMONS-LOGGING"],"service":"ticketing"}
{"@timestamp":"2026-09-08T08:43:45.611436+09:00","@version":"1","message":"BeanFactory id=22e29777-8e76-31b3-ab2e-2fa6bf5dbf63","logger":"org.springframework.cloud.context.scope.GenericScope","thread":"main","level":"INFO","level_value":20000,"APP_NAME":"ticketing","tags":["COMMONS-LOGGING"],"service":"ticketing"}
{"@timestamp":"2026-09-08T08:43:57.058053+09:00","@version":"1","message":"Tomcat initialized with port 18085 (http)","logger":"org.springframework.boot.tomcat.TomcatWebServer","thread":"main","level":"INFO","level_value":20000,"APP_NAME":"ticketing","tags":["COMMONS-LOGGING"],"service":"ticketing"}
{"@timestamp":"2026-09-08T08:43:57.321453+09:00","@version":"1","message":"Initializing ProtocolHandler [\"http-nio-18085\"]","logger":"org.apache.coyote.http11.Http11NioProtocol","thread":"main","level":"INFO","level_value":20000,"APP_NAME":"ticketing","service":"ticketing"}
{"@timestamp":"2026-09-08T08:43:57.342114+09:00","@version":"1","message":"Starting service [Tomcat]","logger":"org.apache.catalina.core.StandardService","thread":"main","level":"INFO","level_value":20000,"APP_NAME":"ticketing","service":"ticketing"}
{"@timestamp":"2026-09-08T08:43:57.342481+09:00","@version":"1","message":"Starting Servlet engine: [Apache Tomcat/11.0.15]","logger":"org.apache.catalina.core.StandardEngine","thread":"main","level":"INFO","level_value":20000,"APP_NAME":"ticketing","service":"ticketing"}
{"@timestamp":"2026-09-08T08:43:59.125719+09:00","@version":"1","message":"Root WebApplicationContext: initialization completed in 19958 ms","logger":"org.springframework.boot.web.context.servlet.WebApplicationContextInitializer","thread":"main","level":"INFO","level_value":20000,"APP_NAME":"ticketing","tags":["COMMONS-LOGGING"],"service":"ticketing"}
{"@timestamp":"2026-09-08T08:44:02.401776+09:00","@version":"1","message":"HHH008540: Processing PersistenceUnitInfo [name: default]","logger":"org.hibernate.orm.jpa","thread":"main","level":"INFO","level_value":20000,"APP_NAME":"ticketing","service":"ticketing"}
{"@timestamp":"2026-09-08T08:44:02.553006+09:00","@version":"1","message":"HHH000001: Hibernate ORM core version 7.2.1.Final","logger":"org.hibernate.orm.core","thread":"main","level":"INFO","level_value":20000,"APP_NAME":"ticketing","service":"ticketing"}
{"@timestamp":"2026-09-08T08:44:03.815956+09:00","@version":"1","message":"No LoadTimeWeaver setup: ignoring JPA class transformer","logger":"org.springframework.orm.jpa.persistenceunit.SpringPersistenceUnitInfo","thread":"main","level":"INFO","level_value":20000,"APP_NAME":"ticketing","tags":["COMMONS-LOGGING"],"service":"ticketing"}
{"@timestamp":"2026-09-08T08:44:04.183709+09:00","@version":"1","message":"HikariPool-1 - Starting...","logger":"com.zaxxer.hikari.HikariDataSource","thread":"main","level":"INFO","level_value":20000,"APP_NAME":"ticketing","service":"ticketing"}
{"@timestamp":"2026-09-08T08:44:05.13735+09:00","@version":"1","message":"HikariPool-1 - Added connection com.mysql.cj.jdbc.ConnectionImpl@737ae41a","logger":"com.zaxxer.hikari.pool.HikariPool","thread":"main","level":"INFO","level_value":20000,"APP_NAME":"ticketing","service":"ticketing"}
{"@timestamp":"2026-09-08T08:44:05.14625+09:00","@version":"1","message":"HikariPool-1 - Start completed.","logger":"com.zaxxer.hikari.HikariDataSource","thread":"main","level":"INFO","level_value":20000,"APP_NAME":"ticketing","service":"ticketing"}
{"@timestamp":"2026-09-08T08:44:05.444061+09:00","@version":"1","message":"HHH10001005: Database info:\n\tDatabase JDBC URL [jdbc:mysql://localhost:23306/ticketing_db?allowPublicKeyRetrieval=true&useSSL=false]\n\tDatabase driver: MySQL Connector/J\n\tDatabase dialect: MySQLDialect\n\tDatabase version: 8.4.9\n\tDefault catalog/schema: ticketing_db/undefined\n\tAutocommit mode: undefined/unknown\n\tIsolation level: REPEATABLE_READ [default REPEATABLE_READ]\n\tJDBC fetch size: none\n\tPool: DataSourceConnectionProvider\n\tMinimum pool size: undefined/unknown\n\tMaximum pool size: undefined/unknown","logger":"org.hibernate.orm.connections.pooling","thread":"main","level":"INFO","level_value":20000,"APP_NAME":"ticketing","service":"ticketing"}
{"@timestamp":"2026-09-08T08:44:13.127525+09:00","@version":"1","message":"HHH000489: No JTA platform available (set 'hibernate.transaction.jta.platform' to enable JTA platform integration)","logger":"org.hibernate.orm.core","thread":"main","level":"INFO","level_value":20000,"APP_NAME":"ticketing","service":"ticketing"}
{"@timestamp":"2026-09-08T08:44:13.684653+09:00","@version":"1","message":"Initialized JPA EntityManagerFactory for persistence unit 'default'","logger":"org.springframework.orm.jpa.LocalContainerEntityManagerFactoryBean","thread":"main","level":"INFO","level_value":20000,"APP_NAME":"ticketing","tags":["COMMONS-LOGGING"],"service":"ticketing"}
{"@timestamp":"2026-09-08T08:44:14.12773+09:00","@version":"1","message":"Hibernate is in classpath; If applicable, HQL parser will be used.","logger":"org.springframework.data.jpa.repository.query.QueryEnhancerFactories","thread":"main","level":"INFO","level_value":20000,"APP_NAME":"ticketing","tags":["COMMONS-LOGGING"],"service":"ticketing"}
{"@timestamp":"2026-09-08T08:44:16.577099+09:00","@version":"1","message":"Can not find io.netty.resolver.dns.macos.MacOSDnsServerAddressStreamProvider in the classpath, fallback to system defaults. This may result in incorrect DNS resolutions on MacOS. Check whether you have a dependency on 'io.netty:netty-resolver-dns-native-macos'","logger":"io.netty.resolver.dns.DnsServerAddressStreamProviders","thread":"main","level":"WARN","level_value":30000,"APP_NAME":"ticketing","service":"ticketing"}
{"@timestamp":"2026-09-08T08:44:17.829996+09:00","@version":"1","message":"spring.jpa.open-in-view is enabled by default. Therefore, database queries may be performed during view rendering. Explicitly configure spring.jpa.open-in-view to disable this warning","logger":"org.springframework.boot.jpa.autoconfigure.JpaBaseConfiguration$JpaWebConfiguration","thread":"main","level":"WARN","level_value":30000,"APP_NAME":"ticketing","tags":["COMMONS-LOGGING"],"service":"ticketing"}
{"@timestamp":"2026-09-08T08:44:23.974868+09:00","@version":"1","message":"Exposing 3 endpoints beneath base path '/actuator'","logger":"org.springframework.boot.actuate.endpoint.web.EndpointLinksResolver","thread":"main","level":"INFO","level_value":20000,"APP_NAME":"ticketing","tags":["COMMONS-LOGGING"],"service":"ticketing"}
{"@timestamp":"2026-09-08T08:44:24.445154+09:00","@version":"1","message":"Starting ProtocolHandler [\"http-nio-18085\"]","logger":"org.apache.coyote.http11.Http11NioProtocol","thread":"main","level":"INFO","level_value":20000,"APP_NAME":"ticketing","service":"ticketing"}
{"@timestamp":"2026-09-08T08:44:24.88524+09:00","@version":"1","message":"Tomcat started on port 18085 (http) with context path '/'","logger":"org.springframework.boot.tomcat.TomcatWebServer","thread":"main","level":"INFO","level_value":20000,"APP_NAME":"ticketing","tags":["COMMONS-LOGGING"],"service":"ticketing"}
{"@timestamp":"2026-09-08T08:44:25.180751+09:00","@version":"1","message":"Started TicketingApplication in 49.474 seconds (process running for 54.111)","logger":"org.truve.platform.ticketing.service.TicketingApplication","thread":"main","level":"INFO","level_value":20000,"APP_NAME":"ticketing","tags":["COMMONS-LOGGING"],"service":"ticketing"}
{"@timestamp":"2026-09-08T08:44:25.694855+09:00","@version":"1","message":"Initializing Spring DispatcherServlet 'dispatcherServlet'","logger":"org.apache.catalina.core.ContainerBase.[Tomcat].[localhost].[/]","thread":"http-nio-18085-exec-1","level":"INFO","level_value":20000,"APP_NAME":"ticketing","service":"ticketing"}
{"@timestamp":"2026-09-08T08:44:25.69562+09:00","@version":"1","message":"Initializing Servlet 'dispatcherServlet'","logger":"org.springframework.web.servlet.DispatcherServlet","thread":"http-nio-18085-exec-1","level":"INFO","level_value":20000,"APP_NAME":"ticketing","tags":["COMMONS-LOGGING"],"service":"ticketing"}
{"@timestamp":"2026-09-08T08:44:25.699923+09:00","@version":"1","message":"Completed initialization in 4 ms","logger":"org.springframework.web.servlet.DispatcherServlet","thread":"http-nio-18085-exec-1","level":"INFO","level_value":20000,"APP_NAME":"ticketing","tags":["COMMONS-LOGGING"],"service":"ticketing"}
{"@timestamp":"2026-09-08T08:44:25.817725+09:00","@version":"1","message":"SpringDoc /api/ticketing/v3/api-docs endpoint is enabled by default. To disable it in production, set the property 'springdoc.api-docs.enabled=false'","logger":"org.springdoc.core.events.SpringDocAppInitializer","thread":"main","level":"WARN","level_value":30000,"APP_NAME":"ticketing","service":"ticketing"}
{"@timestamp":"2026-09-08T08:44:25.819135+09:00","@version":"1","message":"SpringDoc /swagger-ui.html endpoint is enabled by default. To disable it in production, set the property 'springdoc.swagger-ui.enabled=false'","logger":"org.springdoc.core.events.SpringDocAppInitializer","thread":"main","level":"WARN","level_value":30000,"APP_NAME":"ticketing","service":"ticketing"}
